---
source: crates/ai/src/discovery/probe/characterization.rs
expression: output
---
## mixed endpoint evidence
> GET https://proxy.example/v1/models [-] 
{"provider":"proxy","route":"proxy/anthropic","wire_model":"claude","aliases":[],"display_name":null,"declared_class":null,"declared_operations":1,"declared_capabilities":null,"declared_limits":{"context_window":200000,"maximum_input_tokens":null,"maximum_output_tokens":8192,"maximum_batch":null},"declared_pricing":[],"extended_context_mode":null,"availability":"available","source":"proxy:https://proxy.example//v1/models","observed_at_ms":null,"updated_at_ms":null,"deprecated":null}
{"provider":"proxy","route":"proxy/anthropic","wire_model":"claude-small","aliases":[],"display_name":null,"declared_class":null,"declared_operations":1,"declared_capabilities":null,"declared_limits":{"context_window":4096,"maximum_input_tokens":null,"maximum_output_tokens":4096,"maximum_batch":null},"declared_pricing":[],"extended_context_mode":null,"availability":"available","source":"proxy:https://proxy.example//v1/models","observed_at_ms":null,"updated_at_ms":null,"deprecated":null}
{"provider":"proxy","route":"proxy/openai","wire_model":"claude","aliases":[],"display_name":"Claude via OpenAI","declared_class":null,"declared_operations":1,"declared_capabilities":null,"declared_limits":{"context_window":128000,"maximum_input_tokens":null,"maximum_output_tokens":32768,"maximum_batch":null},"declared_pricing":[],"extended_context_mode":null,"availability":"available","source":"proxy:https://proxy.example//v1/models","observed_at_ms":null,"updated_at_ms":null,"deprecated":null}
{"provider":"proxy","route":"proxy/openai","wire_model":"gpt","aliases":[],"display_name":null,"declared_class":null,"declared_operations":1,"declared_capabilities":null,"declared_limits":{"context_window":128000,"maximum_input_tokens":null,"maximum_output_tokens":32768,"maximum_batch":null},"declared_pricing":[],"extended_context_mode":null,"availability":"available","source":"proxy:https://proxy.example//v1/models","observed_at_ms":null,"updated_at_ms":null,"deprecated":null}
{"provider":"proxy","route":"proxy/primary","wire_model":"opaque","aliases":[],"display_name":null,"declared_class":null,"declared_operations":1,"declared_capabilities":null,"declared_limits":{"context_window":128000,"maximum_input_tokens":null,"maximum_output_tokens":32768,"maximum_batch":null},"declared_pricing":[],"extended_context_mode":null,"availability":"available","source":"proxy:https://proxy.example//v1/models","observed_at_ms":null,"updated_at_ms":null,"deprecated":null}
{"provider":"proxy","route":"proxy/primary","wire_model":"other-types","aliases":[],"display_name":null,"declared_class":null,"declared_operations":1,"declared_capabilities":null,"declared_limits":{"context_window":128000,"maximum_input_tokens":null,"maximum_output_tokens":32768,"maximum_batch":null},"declared_pricing":[],"extended_context_mode":null,"availability":"available","source":"proxy:https://proxy.example//v1/models","observed_at_ms":null,"updated_at_ms":null,"deprecated":null}
{"provider":"proxy","route":"proxy/primary","wire_model":"string-types","aliases":[],"display_name":null,"declared_class":null,"declared_operations":1,"declared_capabilities":null,"declared_limits":{"context_window":128000,"maximum_input_tokens":null,"maximum_output_tokens":32768,"maximum_batch":null},"declared_pricing":[],"extended_context_mode":null,"availability":"available","source":"proxy:https://proxy.example//v1/models","observed_at_ms":null,"updated_at_ms":null,"deprecated":null}
